
> crewboss-ui@0.1.0 dev
> vite --port 5500 --strictPort


  VITE v6.4.3  ready in 83 ms

  ➜  Local:   http://localhost:5500/
  ➜  Network: http://192.168.31.161:5500/
  ➜  Network: http://198.18.0.1:5500/
6:56:48 PM [vite] (client) hmr update /src/App.tsx
6:56:48 PM [vite] (client) hmr update /src/TeamPage.tsx
6:56:48 PM [vite] (client) hmr update /src/styles.css
6:56:48 PM [vite] (client) hmr update /src/TeamPage.tsx
6:57:01 PM [vite] (client) hmr update /src/App.tsx
6:57:01 PM [vite] (client) hmr update /src/styles.css
6:57:01 PM [vite] Internal server error: /private/tmp/cb-integrate/ui/app/src/App.tsx: Unexpected token (573:1)

  571 |   state: State | null
  572 |   onClose: () => void
> 573 | <<<<<<< HEAD
      |  ^
  574 | =======
  575 |   ask: (title: string, body: string, onOk: (reason?: string) => void, withInput?: boolean) => void
  576 | >>>>>>> pr/28
  Plugin: vite:react-babel
  File: /private/tmp/cb-integrate/ui/app/src/App.tsx:573:1
  571|    state: State | null
  572|    onClose: () => void
  573|  <<<<<<< HEAD
     |   ^
  574|  =======
  575|    ask: (title: string, body: string, onOk: (reason?: string) => void, withInput?: boolean) => void
      at constructor (/private/tmp/cb-integrate/ui/app/node_modules/@babel/parser/lib/index.js:365:19)
      at TypeScriptParserMixin.raise (/private/tmp/cb-integrate/ui/app/node_modules/@babel/parser/lib/index.js:6616:19)
      at TypeScriptParserMixin.unexpected (/private/tmp/cb-integrate/ui/app/node_modules/@babel/parser/lib/index.js:6636:16)
      at TypeScriptParserMixin.parseIdentifierName (/private/tmp/cb-integrate/ui/app/node_modules/@babel/parser/lib/index.js:12220:12)
      at TypeScriptParserMixin.parseIdentifier (/private/tmp/cb-integrate/ui/app/node_modules/@babel/parser/lib/index.js:12198:23)
      at TypeScriptParserMixin.tsParseTypeParameterName (/private/tmp/cb-integrate/ui/app/node_modules/@babel/parser/lib/index.js:10133:27)
      at TypeScriptParserMixin.tsParseTypeParameter (/private/tmp/cb-integrate/ui/app/node_modules/@babel/parser/lib/index.js:8066:22)
      at TypeScriptParserMixin.tsParseDelimitedListWorker (/private/tmp/cb-integrate/ui/app/node_modules/@babel/parser/lib/index.js:7910:23)
      at TypeScriptParserMixin.tsParseDelimitedList (/private/tmp/cb-integrate/ui/app/node_modules/@babel/parser/lib/index.js:7900:25)
      at TypeScriptParserMixin.tsParseBracketedList (/private/tmp/cb-integrate/ui/app/node_modules/@babel/parser/lib/index.js:7940:25)
      at TypeScriptParserMixin.tsParseTypeParameters (/private/tmp/cb-integrate/ui/app/node_modules/@babel/parser/lib/index.js:8086:24)
      at TypeScriptParserMixin.tsTryParseTypeParameters (/private/tmp/cb-integrate/ui/app/node_modules/@babel/parser/lib/index.js:8073:19)
      at TypeScriptParserMixin.tsFillSignature (/private/tmp/cb-integrate/ui/app/node_modules/@babel/parser/lib/index.js:8099:37)
      at TypeScriptParserMixin.tsParseSignatureMember (/private/tmp/cb-integrate/ui/app/node_modules/@babel/parser/lib/index.js:8128:10)
      at TypeScriptParserMixin.tsParseTypeMember (/private/tmp/cb-integrate/ui/app/node_modules/@babel/parser/lib/index.js:8210:19)
      at TypeScriptParserMixin.tsParseList (/private/tmp/cb-integrate/ui/app/node_modules/@babel/parser/lib/index.js:7895:19)
      at TypeScriptParserMixin.tsParseObjectTypeMembers (/private/tmp/cb-integrate/ui/app/node_modules/@babel/parser/lib/index.js:8247:26)
      at TypeScriptParserMixin.tsParseTypeLiteral (/private/tmp/cb-integrate/ui/app/node_modules/@babel/parser/lib/index.js:8242:25)
      at TypeScriptParserMixin.tsParseNonArrayType (/private/tmp/cb-integrate/ui/app/node_modules/@babel/parser/lib/index.js:8457:106)
      at TypeScriptParserMixin.tsParseArrayTypeOrHigher (/private/tmp/cb-integrate/ui/app/node_modules/@babel/parser/lib/index.js:8487:21)
      at /private/tmp/cb-integrate/ui/app/node_modules/@babel/parser/lib/index.js:8543:158
      at TypeScriptParserMixin.tsInAllowConditionalTypesContext (/private/tmp/cb-integrate/ui/app/node_modules/@babel/parser/lib/index.js:8832:14)
      at TypeScriptParserMixin.tsParseTypeOperatorOrHigher (/private/tmp/cb-integrate/ui/app/node_modules/@babel/parser/lib/index.js:8543:114)
      at TypeScriptParserMixin.tsParseUnionOrIntersectionType (/private/tmp/cb-integrate/ui/app/node_modules/@babel/parser/lib/index.js:8550:18)
      at TypeScriptParserMixin.tsParseIntersectionTypeOrHigher (/private/tmp/cb-integrate/ui/app/node_modules/@babel/parser/lib/index.js:8559:17)
      at TypeScriptParserMixin.tsParseUnionOrIntersectionType (/private/tmp/cb-integrate/ui/app/node_modules/@babel/parser/lib/index.js:8550:18)
      at TypeScriptParserMixin.tsParseUnionTypeOrHigher (/private/tmp/cb-integrate/ui/app/node_modules/@babel/parser/lib/index.js:8562:17)
      at TypeScriptParserMixin.tsParseNonConditionalType (/private/tmp/cb-integrate/ui/app/node_modules/@babel/parser/lib/index.js:8729:17)
      at TypeScriptParserMixin.tsParseType (/private/tmp/cb-integrate/ui/app/node_modules/@babel/parser/lib/index.js:8704:23)
      at /private/tmp/cb-integrate/ui/app/node_modules/@babel/parser/lib/index.js:8698:31
      at TypeScriptParserMixin.tsInType (/private/tmp/cb-integrate/ui/app/node_modules/@babel/parser/lib/index.js:8814:14)
      at TypeScriptParserMixin.tsParseTypeAnnotation (/private/tmp/cb-integrate/ui/app/node_modules/@babel/parser/lib/index.js:8696:10)
      at TypeScriptParserMixin.tsTryParseTypeAnnotation (/private/tmp/cb-integrate/ui/app/node_modules/@babel/parser/lib/index.js:8666:19)
      at TypeScriptParserMixin.parseFunctionParamType (/private/tmp/cb-integrate/ui/app/node_modules/@babel/parser/lib/index.js:9875:23)
      at TypeScriptParserMixin.parseBindingElement (/private/tmp/cb-integrate/ui/app/node_modules/@babel/parser/lib/index.js:9138:12)
      at TypeScriptParserMixin.parseBindingList (/private/tmp/cb-integrate/ui/app/node_modules/@babel/parser/lib/index.js:7409:24)
      at TypeScriptParserMixin.parseFunctionParams (/private/tmp/cb-integrate/ui/app/node_modules/@babel/parser/lib/index.js:13478:24)
      at TypeScriptParserMixin.parseFunctionParams (/private/tmp/cb-integrate/ui/app/node_modules/@babel/parser/lib/index.js:9766:11)
      at TypeScriptParserMixin.parseFunction (/private/tmp/cb-integrate/ui/app/node_modules/@babel/parser/lib/index.js:13460:10)
      at TypeScriptParserMixin.parseFunctionStatement (/private/tmp/cb-integrate/ui/app/node_modules/@babel/parser/lib/index.js:13142:17)
      at TypeScriptParserMixin.parseStatementContent (/private/tmp/cb-integrate/ui/app/node_modules/@babel/parser/lib/index.js:12808:21)
      at TypeScriptParserMixin.parseStatementContent (/private/tmp/cb-integrate/ui/app/node_modules/@babel/parser/lib/index.js:9525:18)
      at TypeScriptParserMixin.parseStatementLike (/private/tmp/cb-integrate/ui/app/node_modules/@babel/parser/lib/index.js:12784:17)
      at TypeScriptParserMixin.parseModuleItem (/private/tmp/cb-integrate/ui/app/node_modules/@babel/parser/lib/index.js:12761:17)
      at TypeScriptParserMixin.parseBlockOrModuleBlockBody (/private/tmp/cb-integrate/ui/app/node_modules/@babel/parser/lib/index.js:13333:36)
      at TypeScriptParserMixin.parseBlockBody (/private/tmp/cb-integrate/ui/app/node_modules/@babel/parser/lib/index.js:13326:10)
      at TypeScriptParserMixin.parseProgram (/private/tmp/cb-integrate/ui/app/node_modules/@babel/parser/lib/index.js:12639:10)
      at TypeScriptParserMixin.parseTopLevel (/private/tmp/cb-integrate/ui/app/node_modules/@babel/parser/lib/index.js:12629:25)
      at TypeScriptParserMixin.parse (/private/tmp/cb-integrate/ui/app/node_modules/@babel/parser/lib/index.js:14505:25)
      at TypeScriptParserMixin.parse (/private/tmp/cb-integrate/ui/app/node_modules/@babel/parser/lib/index.js:10143:18)
6:57:27 PM [vite] (client) Pre-transform error: /private/tmp/cb-integrate/ui/app/src/App.tsx: Unexpected token (573:1)

  571 |   state: State | null
  572 |   onClose: () => void
> 573 | <<<<<<< HEAD
      |  ^
  574 | =======
  575 |   ask: (title: string, body: string, onOk: (reason?: string) => void, withInput?: boolean) => void
  576 | >>>>>>> pr/28
  Plugin: vite:react-babel
  File: /private/tmp/cb-integrate/ui/app/src/App.tsx:573:1
  571|    state: State | null
  572|    onClose: () => void
  573|  <<<<<<< HEAD
     |   ^
  574|  =======
  575|    ask: (title: string, body: string, onOk: (reason?: string) => void, withInput?: boolean) => void
6:57:27 PM [vite] Internal server error: /private/tmp/cb-integrate/ui/app/src/App.tsx: Unexpected token (573:1)

  571 |   state: State | null
  572 |   onClose: () => void
> 573 | <<<<<<< HEAD
      |  ^
  574 | =======
  575 |   ask: (title: string, body: string, onOk: (reason?: string) => void, withInput?: boolean) => void
  576 | >>>>>>> pr/28
  Plugin: vite:react-babel
  File: /private/tmp/cb-integrate/ui/app/src/App.tsx:573:1
  571|    state: State | null
  572|    onClose: () => void
  573|  <<<<<<< HEAD
     |   ^
  574|  =======
  575|    ask: (title: string, body: string, onOk: (reason?: string) => void, withInput?: boolean) => void
      at constructor (/private/tmp/cb-integrate/ui/app/node_modules/@babel/parser/lib/index.js:365:19)
      at TypeScriptParserMixin.raise (/private/tmp/cb-integrate/ui/app/node_modules/@babel/parser/lib/index.js:6616:19)
      at TypeScriptParserMixin.unexpected (/private/tmp/cb-integrate/ui/app/node_modules/@babel/parser/lib/index.js:6636:16)
      at TypeScriptParserMixin.parseIdentifierName (/private/tmp/cb-integrate/ui/app/node_modules/@babel/parser/lib/index.js:12220:12)
      at TypeScriptParserMixin.parseIdentifier (/private/tmp/cb-integrate/ui/app/node_modules/@babel/parser/lib/index.js:12198:23)
      at TypeScriptParserMixin.tsParseTypeParameterName (/private/tmp/cb-integrate/ui/app/node_modules/@babel/parser/lib/index.js:10133:27)
      at TypeScriptParserMixin.tsParseTypeParameter (/private/tmp/cb-integrate/ui/app/node_modules/@babel/parser/lib/index.js:8066:22)
      at TypeScriptParserMixin.tsParseDelimitedListWorker (/private/tmp/cb-integrate/ui/app/node_modules/@babel/parser/lib/index.js:7910:23)
      at TypeScriptParserMixin.tsParseDelimitedList (/private/tmp/cb-integrate/ui/app/node_modules/@babel/parser/lib/index.js:7900:25)
      at TypeScriptParserMixin.tsParseBracketedList (/private/tmp/cb-integrate/ui/app/node_modules/@babel/parser/lib/index.js:7940:25)
      at TypeScriptParserMixin.tsParseTypeParameters (/private/tmp/cb-integrate/ui/app/node_modules/@babel/parser/lib/index.js:8086:24)
      at TypeScriptParserMixin.tsTryParseTypeParameters (/private/tmp/cb-integrate/ui/app/node_modules/@babel/parser/lib/index.js:8073:19)
      at TypeScriptParserMixin.tsFillSignature (/private/tmp/cb-integrate/ui/app/node_modules/@babel/parser/lib/index.js:8099:37)
      at TypeScriptParserMixin.tsParseSignatureMember (/private/tmp/cb-integrate/ui/app/node_modules/@babel/parser/lib/index.js:8128:10)
      at TypeScriptParserMixin.tsParseTypeMember (/private/tmp/cb-integrate/ui/app/node_modules/@babel/parser/lib/index.js:8210:19)
      at TypeScriptParserMixin.tsParseList (/private/tmp/cb-integrate/ui/app/node_modules/@babel/parser/lib/index.js:7895:19)
      at TypeScriptParserMixin.tsParseObjectTypeMembers (/private/tmp/cb-integrate/ui/app/node_modules/@babel/parser/lib/index.js:8247:26)
      at TypeScriptParserMixin.tsParseTypeLiteral (/private/tmp/cb-integrate/ui/app/node_modules/@babel/parser/lib/index.js:8242:25)
      at TypeScriptParserMixin.tsParseNonArrayType (/private/tmp/cb-integrate/ui/app/node_modules/@babel/parser/lib/index.js:8457:106)
      at TypeScriptParserMixin.tsParseArrayTypeOrHigher (/private/tmp/cb-integrate/ui/app/node_modules/@babel/parser/lib/index.js:8487:21)
      at /private/tmp/cb-integrate/ui/app/node_modules/@babel/parser/lib/index.js:8543:158
      at TypeScriptParserMixin.tsInAllowConditionalTypesContext (/private/tmp/cb-integrate/ui/app/node_modules/@babel/parser/lib/index.js:8832:14)
      at TypeScriptParserMixin.tsParseTypeOperatorOrHigher (/private/tmp/cb-integrate/ui/app/node_modules/@babel/parser/lib/index.js:8543:114)
      at TypeScriptParserMixin.tsParseUnionOrIntersectionType (/private/tmp/cb-integrate/ui/app/node_modules/@babel/parser/lib/index.js:8550:18)
      at TypeScriptParserMixin.tsParseIntersectionTypeOrHigher (/private/tmp/cb-integrate/ui/app/node_modules/@babel/parser/lib/index.js:8559:17)
      at TypeScriptParserMixin.tsParseUnionOrIntersectionType (/private/tmp/cb-integrate/ui/app/node_modules/@babel/parser/lib/index.js:8550:18)
      at TypeScriptParserMixin.tsParseUnionTypeOrHigher (/private/tmp/cb-integrate/ui/app/node_modules/@babel/parser/lib/index.js:8562:17)
      at TypeScriptParserMixin.tsParseNonConditionalType (/private/tmp/cb-integrate/ui/app/node_modules/@babel/parser/lib/index.js:8729:17)
      at TypeScriptParserMixin.tsParseType (/private/tmp/cb-integrate/ui/app/node_modules/@babel/parser/lib/index.js:8704:23)
      at /private/tmp/cb-integrate/ui/app/node_modules/@babel/parser/lib/index.js:8698:31
      at TypeScriptParserMixin.tsInType (/private/tmp/cb-integrate/ui/app/node_modules/@babel/parser/lib/index.js:8814:14)
      at TypeScriptParserMixin.tsParseTypeAnnotation (/private/tmp/cb-integrate/ui/app/node_modules/@babel/parser/lib/index.js:8696:10)
      at TypeScriptParserMixin.tsTryParseTypeAnnotation (/private/tmp/cb-integrate/ui/app/node_modules/@babel/parser/lib/index.js:8666:19)
      at TypeScriptParserMixin.parseFunctionParamType (/private/tmp/cb-integrate/ui/app/node_modules/@babel/parser/lib/index.js:9875:23)
      at TypeScriptParserMixin.parseBindingElement (/private/tmp/cb-integrate/ui/app/node_modules/@babel/parser/lib/index.js:9138:12)
      at TypeScriptParserMixin.parseBindingList (/private/tmp/cb-integrate/ui/app/node_modules/@babel/parser/lib/index.js:7409:24)
      at TypeScriptParserMixin.parseFunctionParams (/private/tmp/cb-integrate/ui/app/node_modules/@babel/parser/lib/index.js:13478:24)
      at TypeScriptParserMixin.parseFunctionParams (/private/tmp/cb-integrate/ui/app/node_modules/@babel/parser/lib/index.js:9766:11)
      at TypeScriptParserMixin.parseFunction (/private/tmp/cb-integrate/ui/app/node_modules/@babel/parser/lib/index.js:13460:10)
      at TypeScriptParserMixin.parseFunctionStatement (/private/tmp/cb-integrate/ui/app/node_modules/@babel/parser/lib/index.js:13142:17)
      at TypeScriptParserMixin.parseStatementContent (/private/tmp/cb-integrate/ui/app/node_modules/@babel/parser/lib/index.js:12808:21)
      at TypeScriptParserMixin.parseStatementContent (/private/tmp/cb-integrate/ui/app/node_modules/@babel/parser/lib/index.js:9525:18)
      at TypeScriptParserMixin.parseStatementLike (/private/tmp/cb-integrate/ui/app/node_modules/@babel/parser/lib/index.js:12784:17)
      at TypeScriptParserMixin.parseModuleItem (/private/tmp/cb-integrate/ui/app/node_modules/@babel/parser/lib/index.js:12761:17)
      at TypeScriptParserMixin.parseBlockOrModuleBlockBody (/private/tmp/cb-integrate/ui/app/node_modules/@babel/parser/lib/index.js:13333:36)
      at TypeScriptParserMixin.parseBlockBody (/private/tmp/cb-integrate/ui/app/node_modules/@babel/parser/lib/index.js:13326:10)
      at TypeScriptParserMixin.parseProgram (/private/tmp/cb-integrate/ui/app/node_modules/@babel/parser/lib/index.js:12639:10)
      at TypeScriptParserMixin.parseTopLevel (/private/tmp/cb-integrate/ui/app/node_modules/@babel/parser/lib/index.js:12629:25)
      at TypeScriptParserMixin.parse (/private/tmp/cb-integrate/ui/app/node_modules/@babel/parser/lib/index.js:14505:25)
      at TypeScriptParserMixin.parse (/private/tmp/cb-integrate/ui/app/node_modules/@babel/parser/lib/index.js:10143:18)
6:57:37 PM [vite] (client) hmr update /src/App.tsx
